// Jest Snapshot v1, https://goo.gl/fbAQLP

exports[`LoadDataTableContainer LoadDataTableContainer can render with data 1`] = `
<DocumentFragment>
  <div>
    <div
      class="bp3-progress-bar bp3-no-animation"
    >
      <div
        class="bp3-progress-meter"
      />
    </div>
    <table
      class="bp3-html-table bp3-html-table-bordered bp3-html-table-striped"
    >
      <thead>
        <tr>
          <th>
            <p
              class="bp3-skeleton"
            >
              lorem ipsum 1234 5678
            </p>
          </th>
          <th>
            <p
              class="bp3-skeleton"
            >
              lorem ipsum 1234 5678
            </p>
          </th>
          <th>
            <p
              class="bp3-skeleton"
            >
              lorem ipsum 1234 5678
            </p>
          </th>
          <th>
            <p
              class="bp3-skeleton"
            >
              lorem ipsum 1234 5678
            </p>
          </th>
          <th>
            <p
              class="bp3-skeleton"
            >
              lorem ipsum 1234 5678
            </p>
          </th>
        </tr>
      </thead>
      <tbody>
        <tr>
          <td>
            <p
              class="bp3-skeleton"
            >
              lorem ipsum 1234 5678
            </p>
          </td>
          <td>
            <p
              class="bp3-skeleton"
            >
              lorem ipsum 1234 5678
            </p>
          </td>
          <td>
            <p
              class="bp3-skeleton"
            >
              lorem ipsum 1234 5678
            </p>
          </td>
          <td>
            <p
              class="bp3-skeleton"
            >
              lorem ipsum 1234 5678
            </p>
          </td>
          <td>
            <p
              class="bp3-skeleton"
            >
              lorem ipsum 1234 5678
            </p>
          </td>
        </tr>
      </tbody>
    </table>
  </div>
</DocumentFragment>
`;

exports[`LoadDataTableContainer LoadDataTableContainer can render with redux 1`] = `
<DocumentFragment>
  <div>
    <div
      class="bp3-progress-bar bp3-no-animation"
    >
      <div
        class="bp3-progress-meter"
      />
    </div>
    <table
      class="bp3-html-table bp3-html-table-bordered bp3-html-table-striped"
    >
      <thead>
        <tr>
          <th>
            <p
              class="bp3-skeleton"
            >
              lorem ipsum 1234 5678
            </p>
          </th>
          <th>
            <p
              class="bp3-skeleton"
            >
              lorem ipsum 1234 5678
            </p>
          </th>
          <th>
            <p
              class="bp3-skeleton"
            >
              lorem ipsum 1234 5678
            </p>
          </th>
          <th>
            <p
              class="bp3-skeleton"
            >
              lorem ipsum 1234 5678
            </p>
          </th>
          <th>
            <p
              class="bp3-skeleton"
            >
              lorem ipsum 1234 5678
            </p>
          </th>
        </tr>
      </thead>
      <tbody>
        <tr>
          <td>
            <p
              class="bp3-skeleton"
            >
              lorem ipsum 1234 5678
            </p>
          </td>
          <td>
            <p
              class="bp3-skeleton"
            >
              lorem ipsum 1234 5678
            </p>
          </td>
          <td>
            <p
              class="bp3-skeleton"
            >
              lorem ipsum 1234 5678
            </p>
          </td>
          <td>
            <p
              class="bp3-skeleton"
            >
              lorem ipsum 1234 5678
            </p>
          </td>
          <td>
            <p
              class="bp3-skeleton"
            >
              lorem ipsum 1234 5678
            </p>
          </td>
        </tr>
      </tbody>
    </table>
  </div>
</DocumentFragment>
`;
